#!MC 1000
$!COLORMAP 
  CONTOURCOLORMAP = USERDEF
$!COLORMAPCONTROL RESETTOFACTORY
$!COLORMAP 
  USERDEFINED
    {
    NUMCONTROLPOINTS = 50
CONTROLPOINT	1
{
COLORMAPFRACTION  =		0
LEADRGB
{
R   =   30
G   =   0
B   =   0
}
TRAILRGB
{
R   =   30
G   =   0
B   =   0
}
}
CONTROLPOINT	2
{
COLORMAPFRACTION  =		0.015873016
LEADRGB
{
R   =   50
G   =   26
B   =   26
}
TRAILRGB
{
R   =   50
G   =   26
B   =   26
}
}
CONTROLPOINT	3
{
COLORMAPFRACTION  =		0.031746032
LEADRGB
{
R   =   64
G   =   37
B   =   37
}
TRAILRGB
{
R   =   64
G   =   37
B   =   37
}
}
CONTROLPOINT	4
{
COLORMAPFRACTION  =		0.047619048
LEADRGB
{
R   =   75
G   =   45
B   =   45
}
TRAILRGB
{
R   =   75
G   =   45
B   =   45
}
}
CONTROLPOINT	5
{
COLORMAPFRACTION  =		0.063492063
LEADRGB
{
R   =   85
G   =   52
B   =   52
}
TRAILRGB
{
R   =   85
G   =   52
B   =   52
}
}
CONTROLPOINT	6
{
COLORMAPFRACTION  =		0.079365079
LEADRGB
{
R   =   94
G   =   59
B   =   59
}
TRAILRGB
{
R   =   94
G   =   59
B   =   59
}
}
CONTROLPOINT	7
{
COLORMAPFRACTION  =		0.095238095
LEADRGB
{
R   =   102
G   =   64
B   =   64
}
TRAILRGB
{
R   =   102
G   =   64
B   =   64
}
}
CONTROLPOINT	8
{
COLORMAPFRACTION  =		0.111111111
LEADRGB
{
R   =   110
G   =   69
B   =   69
}
TRAILRGB
{
R   =   110
G   =   69
B   =   69
}
}
CONTROLPOINT	9
{
COLORMAPFRACTION  =		0.126984127
LEADRGB
{
R   =   117
G   =   74
B   =   74
}
TRAILRGB
{
R   =   117
G   =   74
B   =   74
}
}
CONTROLPOINT	10
{
COLORMAPFRACTION  =		0.142857143
LEADRGB
{
R   =   123
G   =   79
B   =   79
}
TRAILRGB
{
R   =   123
G   =   79
B   =   79
}
}
CONTROLPOINT	11
{
COLORMAPFRACTION  =		0.158730159
LEADRGB
{
R   =   130
G   =   83
B   =   83
}
TRAILRGB
{
R   =   130
G   =   83
B   =   83
}
}
CONTROLPOINT	12
{
COLORMAPFRACTION  =		0.174603175
LEADRGB
{
R   =   136
G   =   87
B   =   87
}
TRAILRGB
{
R   =   136
G   =   87
B   =   87
}
}
CONTROLPOINT	13
{
COLORMAPFRACTION  =		0.19047619
LEADRGB
{
R   =   141
G   =   91
B   =   91
}
TRAILRGB
{
R   =   141
G   =   91
B   =   91
}
}
CONTROLPOINT	14
{
COLORMAPFRACTION  =		0.206349206
LEADRGB
{
R   =   147
G   =   95
B   =   95
}
TRAILRGB
{
R   =   147
G   =   95
B   =   95
}
}
CONTROLPOINT	15
{
COLORMAPFRACTION  =		0.222222222
LEADRGB
{
R   =   152
G   =   98
B   =   98
}
TRAILRGB
{
R   =   152
G   =   98
B   =   98
}
}
CONTROLPOINT	16
{
COLORMAPFRACTION  =		0.238095238
LEADRGB
{
R   =   157
G   =   102
B   =   102
}
TRAILRGB
{
R   =   157
G   =   102
B   =   102
}
}
CONTROLPOINT	17
{
COLORMAPFRACTION  =		0.253968254
LEADRGB
{
R   =   162
G   =   105
B   =   105
}
TRAILRGB
{
R   =   162
G   =   105
B   =   105
}
}
CONTROLPOINT	18
{
COLORMAPFRACTION  =		0.26984127
LEADRGB
{
R   =   167
G   =   108
B   =   108
}
TRAILRGB
{
R   =   167
G   =   108
B   =   108
}
}
CONTROLPOINT	19
{
COLORMAPFRACTION  =		0.285714286
LEADRGB
{
R   =   172
G   =   111
B   =   111
}
TRAILRGB
{
R   =   172
G   =   111
B   =   111
}
}
CONTROLPOINT	20
{
COLORMAPFRACTION  =		0.301587302
LEADRGB
{
R   =   176
G   =   114
B   =   114
}
TRAILRGB
{
R   =   176
G   =   114
B   =   114
}
}
CONTROLPOINT	21
{
COLORMAPFRACTION  =		0.317460317
LEADRGB
{
R   =   181
G   =   117
B   =   117
}
TRAILRGB
{
R   =   181
G   =   117
B   =   117
}
}
CONTROLPOINT	22
{
COLORMAPFRACTION  =		0.333333333
LEADRGB
{
R   =   185
G   =   120
B   =   120
}
TRAILRGB
{
R   =   185
G   =   120
B   =   120
}
}
CONTROLPOINT	23
{
COLORMAPFRACTION  =		0.349206349
LEADRGB
{
R   =   189
G   =   123
B   =   123
}
TRAILRGB
{
R   =   189
G   =   123
B   =   123
}
}
CONTROLPOINT	24
{
COLORMAPFRACTION  =		0.365079365
LEADRGB
{
R   =   194
G   =   126
B   =   126
}
TRAILRGB
{
R   =   194
G   =   126
B   =   126
}
}
CONTROLPOINT	25
{
COLORMAPFRACTION  =		0.380952381
LEADRGB
{
R   =   195
G   =   132
B   =   129
}
TRAILRGB
{
R   =   195
G   =   132
B   =   129
}
}
CONTROLPOINT	26
{
COLORMAPFRACTION  =		0.396825397
LEADRGB
{
R   =   197
G   =   138
B   =   131
}
TRAILRGB
{
R   =   197
G   =   138
B   =   131
}
}
CONTROLPOINT	27
{
COLORMAPFRACTION  =		0.412698413
LEADRGB
{
R   =   199
G   =   144
B   =   134
}
TRAILRGB
{
R   =   199
G   =   144
B   =   134
}
}
CONTROLPOINT	28
{
COLORMAPFRACTION  =		0.428571429
LEADRGB
{
R   =   201
G   =   149
B   =   136
}
TRAILRGB
{
R   =   201
G   =   149
B   =   136
}
}
CONTROLPOINT	29
{
COLORMAPFRACTION  =		0.444444444
LEADRGB
{
R   =   202
G   =   154
B   =   139
}
TRAILRGB
{
R   =   202
G   =   154
B   =   139
}
}
CONTROLPOINT	30
{
COLORMAPFRACTION  =		0.46031746
LEADRGB
{
R   =   204
G   =   159
B   =   141
}
TRAILRGB
{
R   =   204
G   =   159
B   =   141
}
}
CONTROLPOINT	31
{
COLORMAPFRACTION  =		0.476190476
LEADRGB
{
R   =   206
G   =   164
B   =   144
}
TRAILRGB
{
R   =   206
G   =   164
B   =   144
}
}
CONTROLPOINT	32
{
COLORMAPFRACTION  =		0.492063492
LEADRGB
{
R   =   207
G   =   169
B   =   146
}
TRAILRGB
{
R   =   207
G   =   169
B   =   146
}
}
CONTROLPOINT	33
{
COLORMAPFRACTION  =		0.507936508
LEADRGB
{
R   =   209
G   =   174
B   =   148
}
TRAILRGB
{
R   =   209
G   =   174
B   =   148
}
}
CONTROLPOINT	34
{
COLORMAPFRACTION  =		0.523809524
LEADRGB
{
R   =   211
G   =   178
B   =   151
}
TRAILRGB
{
R   =   211
G   =   178
B   =   151
}
}
CONTROLPOINT	35
{
COLORMAPFRACTION  =		0.53968254
LEADRGB
{
R   =   212
G   =   183
B   =   153
}
TRAILRGB
{
R   =   212
G   =   183
B   =   153
}
}
CONTROLPOINT	36
{
COLORMAPFRACTION  =		0.555555556
LEADRGB
{
R   =   214
G   =   187
B   =   155
}
TRAILRGB
{
R   =   214
G   =   187
B   =   155
}
}
CONTROLPOINT	37
{
COLORMAPFRACTION  =		0.571428571
LEADRGB
{
R   =   216
G   =   191
B   =   157
}
TRAILRGB
{
R   =   216
G   =   191
B   =   157
}
}
CONTROLPOINT	38
{
COLORMAPFRACTION  =		0.587301587
LEADRGB
{
R   =   217
G   =   195
B   =   160
}
TRAILRGB
{
R   =   217
G   =   195
B   =   160
}
}
CONTROLPOINT	39
{
COLORMAPFRACTION  =		0.603174603
LEADRGB
{
R   =   219
G   =   199
B   =   162
}
TRAILRGB
{
R   =   219
G   =   199
B   =   162
}
}
CONTROLPOINT	40
{
COLORMAPFRACTION  =		0.619047619
LEADRGB
{
R   =   220
G   =   203
B   =   164
}
TRAILRGB
{
R   =   220
G   =   203
B   =   164
}
}
CONTROLPOINT	41
{
COLORMAPFRACTION  =		0.634920635
LEADRGB
{
R   =   222
G   =   207
B   =   166
}
TRAILRGB
{
R   =   222
G   =   207
B   =   166
}
}
CONTROLPOINT	42
{
COLORMAPFRACTION  =		0.650793651
LEADRGB
{
R   =   223
G   =   211
B   =   168
}
TRAILRGB
{
R   =   223
G   =   211
B   =   168
}
}
CONTROLPOINT	43
{
COLORMAPFRACTION  =		0.666666667
LEADRGB
{
R   =   225
G   =   215
B   =   170
}
TRAILRGB
{
R   =   225
G   =   215
B   =   170
}
}
CONTROLPOINT	44
{
COLORMAPFRACTION  =		0.682539683
LEADRGB
{
R   =   226
G   =   218
B   =   172
}
TRAILRGB
{
R   =   226
G   =   218
B   =   172
}
}
CONTROLPOINT	45
{
COLORMAPFRACTION  =		0.698412698
LEADRGB
{
R   =   228
G   =   222
B   =   174
}
TRAILRGB
{
R   =   228
G   =   222
B   =   174
}
}
CONTROLPOINT	46
{
COLORMAPFRACTION  =		0.714285714
LEADRGB
{
R   =   229
G   =   225
B   =   176
}
TRAILRGB
{
R   =   229
G   =   225
B   =   176
}
}
CONTROLPOINT	47
{
COLORMAPFRACTION  =		0.73015873
LEADRGB
{
R   =   231
G   =   229
B   =   178
}
TRAILRGB
{
R   =   231
G   =   229
B   =   178
}
}
CONTROLPOINT	48
{
COLORMAPFRACTION  =		0.746031746
LEADRGB
{
R   =   232
G   =   232
B   =   180
}
TRAILRGB
{
R   =   232
G   =   232
B   =   180
}
}
CONTROLPOINT	49
{
COLORMAPFRACTION  =		1
LEADRGB
{
R   =   255
G   =   255
B   =   255
}
TRAILRGB
{
R   =   255
G   =   255
B   =   255
}
}
}
